MPLINK 4.40, Linker
Linker Map File - Created Wed May 30 15:52:40 2012

                                 Section Info
                  Section       Type    Address   Location Size(Bytes)
                ---------  ---------  ---------  ---------  ---------
               _entry_scn       code   0x000000    program   0x000006
           .code___init.o       code   0x000006    program   0x000002
              high_vector       code   0x000008    program   0x000006
               low_vector       code   0x000018    program   0x000006
                   .cinit    romdata   0x00001e    program   0x00001a
              .code_SUB.o       code   0x000038    program   0x000792
             .code_INIT.o       code   0x0007ca    program   0x000592
             .code_DISP.o       code   0x000d5c    program   0x0004be
          .romdata_DISP.o    romdata   0x00121a    program   0x000400
               _cinit_scn       code   0x00161a    program   0x00009e
           .romdata_SUB.o    romdata   0x0016b8    program   0x000091
         .idata_c018i.o_i    romdata   0x001749    program   0x000000
         .romdata_c018i.o    romdata   0x001749    program   0x000000
        .romdata___init.o    romdata   0x001749    program   0x000000
        .idata___init.o_i    romdata   0x001749    program   0x000000
             .stringtable    romdata   0x001749    program   0x000000
          .romdata_MAIN.o    romdata   0x001749    program   0x000000
          .idata_MAIN.o_i    romdata   0x001749    program   0x000000
          .romdata_INIT.o    romdata   0x001749    program   0x000000
          .idata_DISP.o_i    romdata   0x001749    program   0x000000
            .code_c018i.o       code   0x00174a    program   0x000000
                    .code       code   0x00174a    program   0x000020
             _startup_scn       code   0x00176a    program   0x00001c
             .code_MAIN.o       code   0x001786    program   0x000010
           .idata_SUB.o_i    romdata   0x001796    program   0x000022
          .idata_INIT.o_i    romdata   0x0017b8    program   0x00004b
    .config_300001_MAIN.o    romdata   0x300001    program   0x000001
    .config_300002_MAIN.o    romdata   0x300002    program   0x000001
    .config_300003_MAIN.o    romdata   0x300003    program   0x000001
    .config_300005_MAIN.o    romdata   0x300005    program   0x000001
    .config_300006_MAIN.o    romdata   0x300006    program   0x000001
                 .tmpdata      udata   0x000000       data   0x00000e
                MATH_DATA      udata   0x00000e       data   0x000002
             tmr1_isr_tmp      udata   0x000010       data   0x000001
            .idata_INIT.o      idata   0x000080       data   0x00004b
            .udata_INIT.o      udata   0x0000cb       data   0x000024
           .udata_c018i.o      udata   0x0000ef       data   0x00000a
           .idata_c018i.o      idata   0x0000f9       data   0x000000
            .udata_DISP.o      udata   0x0000f9       data   0x000000
            .idata_DISP.o      idata   0x0000f9       data   0x000000
            .udata_MAIN.o      udata   0x0000f9       data   0x000000
            .idata_MAIN.o      idata   0x0000f9       data   0x000000
             .udata_SUB.o      udata   0x0000f9       data   0x000000
          .udata___init.o      udata   0x0000f9       data   0x000000
          .idata___init.o      idata   0x0000f9       data   0x000000
                   gbuff1      udata   0x000800       data   0x000200
                   .stack      udata   0x000e00       data   0x000100
             .idata_SUB.o      idata   0x000f00       data   0x000022
            SFR_UNBANKED0      udata   0x000f80       data   0x000080



                              Program Memory Usage 
                               Start         End      
                           ---------   ---------      
                            0x000000    0x00000d      
                            0x000018    0x001748      
                            0x00174a    0x001802      
                            0x300001    0x300003      
                            0x300005    0x300006      
            6141 out of 50200 program addresses used, program memory utilization is 12%



                              Symbols - Sorted by Name
                     Name    Address   Location    Storage File                     
                ---------  ---------  ---------  --------- ---------                
             AnalyzeSound   0x00033c    program     extern C:\Users\Ali\Documents\PSU 2011-2012\Semester2\352W\PhoneDialer\SUB.c
                 AtoDInit   0x0008ae    program     extern C:\Users\Ali\Documents\PSU 2011-2012\Semester2\352W\PhoneDialer\INIT.C
           ChoiceDialMode   0x0003a8    program     extern C:\Users\Ali\Documents\PSU 2011-2012\Semester2\352W\PhoneDialer\SUB.c
                  DacInit   0x00088c    program     extern C:\Users\Ali\Documents\PSU 2011-2012\Semester2\352W\PhoneDialer\INIT.C
                 Debounce   0x000b7c    program     extern C:\Users\Ali\Documents\PSU 2011-2012\Semester2\352W\PhoneDialer\INIT.C
                Debounce2   0x000c1c    program     extern C:\Users\Ali\Documents\PSU 2011-2012\Semester2\352W\PhoneDialer\INIT.C
                Debounce3   0x000cbc    program     extern C:\Users\Ali\Documents\PSU 2011-2012\Semester2\352W\PhoneDialer\INIT.C
                     Dial   0x00055e    program     extern C:\Users\Ali\Documents\PSU 2011-2012\Semester2\352W\PhoneDialer\SUB.c
           DialAndDisplay   0x0004d6    program     extern C:\Users\Ali\Documents\PSU 2011-2012\Semester2\352W\PhoneDialer\SUB.c
                 DialMode   0x00021c    program     extern C:\Users\Ali\Documents\PSU 2011-2012\Semester2\352W\PhoneDialer\SUB.c
                DispAscii   0x000646    program     extern C:\Users\Ali\Documents\PSU 2011-2012\Semester2\352W\PhoneDialer\SUB.c
                DispClear   0x001008    program     extern C:\Users\Ali\Documents\PSU 2011-2012\Semester2\352W\PhoneDialer\DISP.C
            DispConstText   0x001022    program     extern C:\Users\Ali\Documents\PSU 2011-2012\Semester2\352W\PhoneDialer\DISP.C
             DispDialMode   0x00024c    program     extern C:\Users\Ali\Documents\PSU 2011-2012\Semester2\352W\PhoneDialer\SUB.c
                 DispInit   0x000fa6    program     extern C:\Users\Ali\Documents\PSU 2011-2012\Semester2\352W\PhoneDialer\DISP.C
                 DispText   0x00105a    program     extern C:\Users\Ali\Documents\PSU 2011-2012\Semester2\352W\PhoneDialer\DISP.C
               DispUpdate   0x00108c    program     extern C:\Users\Ali\Documents\PSU 2011-2012\Semester2\352W\PhoneDialer\DISP.C
                     Init   0x0007ca    program     extern C:\Users\Ali\Documents\PSU 2011-2012\Semester2\352W\PhoneDialer\INIT.C
                 InitDisp   0x000694    program     extern C:\Users\Ali\Documents\PSU 2011-2012\Semester2\352W\PhoneDialer\SUB.c
                 KeyInput   0x00114c    program     extern C:\Users\Ali\Documents\PSU 2011-2012\Semester2\352W\PhoneDialer\DISP.C
                 MemClear   0x0011d0    program     extern C:\Users\Ali\Documents\PSU 2011-2012\Semester2\352W\PhoneDialer\DISP.C
                  MemCopy   0x00116c    program     extern C:\Users\Ali\Documents\PSU 2011-2012\Semester2\352W\PhoneDialer\DISP.C
                  PicInit   0x0007e6    program     extern C:\Users\Ali\Documents\PSU 2011-2012\Semester2\352W\PhoneDialer\INIT.C
            PromptForSave   0x0000c8    program     extern C:\Users\Ali\Documents\PSU 2011-2012\Semester2\352W\PhoneDialer\SUB.c
         PromptSaveOrDial   0x000038    program     extern C:\Users\Ali\Documents\PSU 2011-2012\Semester2\352W\PhoneDialer\SUB.c
                ReadParam   0x00075c    program     extern C:\Users\Ali\Documents\PSU 2011-2012\Semester2\352W\PhoneDialer\SUB.c
                  ReadPrm   0x00069c    program     extern C:\Users\Ali\Documents\PSU 2011-2012\Semester2\352W\PhoneDialer\SUB.c
               ReadSensor   0x00039e    program     extern C:\Users\Ali\Documents\PSU 2011-2012\Semester2\352W\PhoneDialer\SUB.c
                 SaveDial   0x000194    program     extern C:\Users\Ali\Documents\PSU 2011-2012\Semester2\352W\PhoneDialer\SUB.c
                  SavePrm   0x0006f4    program     extern C:\Users\Ali\Documents\PSU 2011-2012\Semester2\352W\PhoneDialer\SUB.c
             SelectSensor   0x000382    program     extern C:\Users\Ali\Documents\PSU 2011-2012\Semester2\352W\PhoneDialer\SUB.c
                SpeedDial   0x00042c    program     extern C:\Users\Ali\Documents\PSU 2011-2012\Semester2\352W\PhoneDialer\SUB.c
                  SpiInit   0x000866    program     extern C:\Users\Ali\Documents\PSU 2011-2012\Semester2\352W\PhoneDialer\INIT.C
               WriteBytes   0x000ea4    program     static C:\Users\Ali\Documents\PSU 2011-2012\Semester2\352W\PhoneDialer\DISP.C
             WriteDisplay   0x000d5c    program     static C:\Users\Ali\Documents\PSU 2011-2012\Semester2\352W\PhoneDialer\DISP.C
               WriteParam   0x00078c    program     extern C:\Users\Ali\Documents\PSU 2011-2012\Semester2\352W\PhoneDialer\SUB.c
              WriteString   0x000d88    program     static C:\Users\Ali\Documents\PSU 2011-2012\Semester2\352W\PhoneDialer\DISP.C
       ___return_lbl00000   0x00000c    program     static                          
       ___return_lbl00000   0x000004    program     static                          
       ___return_lbl00001   0x00001c    program     static                          
       ___return_lbl00001   0x001784    program     static                          
       ___return_lbl00002   0x0016b6    program     static                          
               __config_0   0x300001    program     static C:\Users\Ali\Documents\PSU 2011-2012\Semester2\352W\PhoneDialer\MAIN.C
               __config_1   0x300002    program     static C:\Users\Ali\Documents\PSU 2011-2012\Semester2\352W\PhoneDialer\MAIN.C
               __config_2   0x300003    program     static C:\Users\Ali\Documents\PSU 2011-2012\Semester2\352W\PhoneDialer\MAIN.C
               __config_3   0x300005    program     static C:\Users\Ali\Documents\PSU 2011-2012\Semester2\352W\PhoneDialer\MAIN.C
               __config_4   0x300006    program     static C:\Users\Ali\Documents\PSU 2011-2012\Semester2\352W\PhoneDialer\MAIN.C
                   __init   0x000006    program     extern C:\MCC18\v3_39\src\traditional\stdclib\__init.c
            __zero_memory   0x00174a    program     extern C:\MCC18\v3_39\src\traditional\proc\p18F4525.asm
                _do_cinit   0x00161a    program     extern C:\MCC18\v3_39\src\traditional\startup\c018i.c
                   _entry   0x000000    program     extern C:\MCC18\v3_39\src\traditional\startup\c018i.c
                 _startup   0x00176a    program     extern C:\MCC18\v3_39\src\traditional\startup\c018i.c
                    ascii   0x00121a    program     extern C:\Users\Ali\Documents\PSU 2011-2012\Semester2\352W\PhoneDialer\DISP.C
                    clock   0x000b74    program     extern C:\Users\Ali\Documents\PSU 2011-2012\Semester2\352W\PhoneDialer\INIT.C
                compare_l   0x001760    program     static C:\MCC18\v3_39\src\traditional\proc\p18F4525.asm
                copy_loop   0x00168c    program     static                          
            copy_one_byte   0x001692    program     static                          
                     done   0x0016b6    program     static                          
             done_copying   0x0016a0    program     static                          
 interrupt_at_high_vector   0x000008    program     extern C:\Users\Ali\Documents\PSU 2011-2012\Semester2\352W\PhoneDialer\MAIN.C
  interrupt_at_low_vector   0x000018    program     extern C:\Users\Ali\Documents\PSU 2011-2012\Semester2\352W\PhoneDialer\MAIN.C
                     loop   0x00177a    program     static                          
                   loop_h   0x001758    program     static C:\MCC18\v3_39\src\traditional\proc\p18F4525.asm
                   loop_l   0x001762    program     static C:\MCC18\v3_39\src\traditional\proc\p18F4525.asm
                     main   0x001786    program     extern C:\Users\Ali\Documents\PSU 2011-2012\Semester2\352W\PhoneDialer\MAIN.C
                   mesg01   0x0016b8    program     extern C:\Users\Ali\Documents\PSU 2011-2012\Semester2\352W\PhoneDialer\SUB.c
                   mesg02   0x0016c7    program     extern C:\Users\Ali\Documents\PSU 2011-2012\Semester2\352W\PhoneDialer\SUB.c
                   mesg03   0x0016d6    program     extern C:\Users\Ali\Documents\PSU 2011-2012\Semester2\352W\PhoneDialer\SUB.c
                   mesg04   0x0016e5    program     extern C:\Users\Ali\Documents\PSU 2011-2012\Semester2\352W\PhoneDialer\SUB.c
                   mesg05   0x0016f4    program     extern C:\Users\Ali\Documents\PSU 2011-2012\Semester2\352W\PhoneDialer\SUB.c
                   mesg06   0x001703    program     extern C:\Users\Ali\Documents\PSU 2011-2012\Semester2\352W\PhoneDialer\SUB.c
                   mesg07   0x001712    program     extern C:\Users\Ali\Documents\PSU 2011-2012\Semester2\352W\PhoneDialer\SUB.c
                   mesg08   0x001721    program     extern C:\Users\Ali\Documents\PSU 2011-2012\Semester2\352W\PhoneDialer\SUB.c
                   mesg09   0x001730    program     extern C:\Users\Ali\Documents\PSU 2011-2012\Semester2\352W\PhoneDialer\SUB.c
                   mesg10   0x00173f    program     extern C:\Users\Ali\Documents\PSU 2011-2012\Semester2\352W\PhoneDialer\SUB.c
                     test   0x001634    program     static                          
                 tmr0_isr   0x0009ee    program     extern C:\Users\Ali\Documents\PSU 2011-2012\Semester2\352W\PhoneDialer\INIT.C
                 tmr1_isr   0x0008c6    program     extern C:\Users\Ali\Documents\PSU 2011-2012\Semester2\352W\PhoneDialer\INIT.C
               zero_block   0x001758    program     static C:\MCC18\v3_39\src\traditional\proc\p18F4525.asm
                   ADCON0   0x000fc2       data     extern C:\MCC18\v3_39\src\traditional\proc\p18F4525.asm
               ADCON0bits   0x000fc2       data     extern C:\MCC18\v3_39\src\traditional\proc\p18F4525.asm
                   ADCON1   0x000fc1       data     extern C:\MCC18\v3_39\src\traditional\proc\p18F4525.asm
               ADCON1bits   0x000fc1       data     extern C:\MCC18\v3_39\src\traditional\proc\p18F4525.asm
                   ADCON2   0x000fc0       data     extern C:\MCC18\v3_39\src\traditional\proc\p18F4525.asm
               ADCON2bits   0x000fc0       data     extern C:\MCC18\v3_39\src\traditional\proc\p18F4525.asm
                    ADRES   0x000fc3       data     extern C:\MCC18\v3_39\src\traditional\proc\p18F4525.asm
                   ADRESH   0x000fc4       data     extern C:\MCC18\v3_39\src\traditional\proc\p18F4525.asm
                   ADRESL   0x000fc3       data     extern C:\MCC18\v3_39\src\traditional\proc\p18F4525.asm
                  BAUDCON   0x000fb8       data     extern C:\MCC18\v3_39\src\traditional\proc\p18F4525.asm
              BAUDCONbits   0x000fb8       data     extern C:\MCC18\v3_39\src\traditional\proc\p18F4525.asm
                  BAUDCTL   0x000fb8       data     extern C:\MCC18\v3_39\src\traditional\proc\p18F4525.asm
              BAUDCTLbits   0x000fb8       data     extern C:\MCC18\v3_39\src\traditional\proc\p18F4525.asm
                      BSR   0x000fe0       data     extern C:\MCC18\v3_39\src\traditional\proc\p18F4525.asm
                  CCP1CON   0x000fbd       data     extern C:\MCC18\v3_39\src\traditional\proc\p18F4525.asm
              CCP1CONbits   0x000fbd       data     extern C:\MCC18\v3_39\src\traditional\proc\p18F4525.asm
                  CCP2CON   0x000fba       data     extern C:\MCC18\v3_39\src\traditional\proc\p18F4525.asm
              CCP2CONbits   0x000fba       data     extern C:\MCC18\v3_39\src\traditional\proc\p18F4525.asm
                    CCPR1   0x000fbe       data     extern C:\MCC18\v3_39\src\traditional\proc\p18F4525.asm
                   CCPR1H   0x000fbf       data     extern C:\MCC18\v3_39\src\traditional\proc\p18F4525.asm
                   CCPR1L   0x000fbe       data     extern C:\MCC18\v3_39\src\traditional\proc\p18F4525.asm
                    CCPR2   0x000fbb       data     extern C:\MCC18\v3_39\src\traditional\proc\p18F4525.asm
                   CCPR2H   0x000fbc       data     extern C:\MCC18\v3_39\src\traditional\proc\p18F4525.asm
                   CCPR2L   0x000fbb       data     extern C:\MCC18\v3_39\src\traditional\proc\p18F4525.asm
                    CMCON   0x000fb4       data     extern C:\MCC18\v3_39\src\traditional\proc\p18F4525.asm
                CMCONbits   0x000fb4       data     extern C:\MCC18\v3_39\src\traditional\proc\p18F4525.asm
                   CVRCON   0x000fb5       data     extern C:\MCC18\v3_39\src\traditional\proc\p18F4525.asm
               CVRCONbits   0x000fb5       data     extern C:\MCC18\v3_39\src\traditional\proc\p18F4525.asm
                     DDRA   0x000f92       data     extern C:\MCC18\v3_39\src\traditional\proc\p18F4525.asm
                 DDRAbits   0x000f92       data     extern C:\MCC18\v3_39\src\traditional\proc\p18F4525.asm
                     DDRB   0x000f93       data     extern C:\MCC18\v3_39\src\traditional\proc\p18F4525.asm
                 DDRBbits   0x000f93       data     extern C:\MCC18\v3_39\src\traditional\proc\p18F4525.asm
                     DDRC   0x000f94       data     extern C:\MCC18\v3_39\src\traditional\proc\p18F4525.asm
                 DDRCbits   0x000f94       data     extern C:\MCC18\v3_39\src\traditional\proc\p18F4525.asm
                     DDRD   0x000f95       data     extern C:\MCC18\v3_39\src\traditional\proc\p18F4525.asm
                 DDRDbits   0x000f95       data     extern C:\MCC18\v3_39\src\traditional\proc\p18F4525.asm
                     DDRE   0x000f96       data     extern C:\MCC18\v3_39\src\traditional\proc\p18F4525.asm
                 DDREbits   0x000f96       data     extern C:\MCC18\v3_39\src\traditional\proc\p18F4525.asm
                  ECCP1AS   0x000fb6       data     extern C:\MCC18\v3_39\src\traditional\proc\p18F4525.asm
              ECCP1ASbits   0x000fb6       data     extern C:\MCC18\v3_39\src\traditional\proc\p18F4525.asm
                   ECCPAS   0x000fb6       data     extern C:\MCC18\v3_39\src\traditional\proc\p18F4525.asm
               ECCPASbits   0x000fb6       data     extern C:\MCC18\v3_39\src\traditional\proc\p18F4525.asm
                    EEADR   0x000fa9       data     extern C:\MCC18\v3_39\src\traditional\proc\p18F4525.asm
                   EEADRH   0x000faa       data     extern C:\MCC18\v3_39\src\traditional\proc\p18F4525.asm
                   EECON1   0x000fa6       data     extern C:\MCC18\v3_39\src\traditional\proc\p18F4525.asm
               EECON1bits   0x000fa6       data     extern C:\MCC18\v3_39\src\traditional\proc\p18F4525.asm
                   EECON2   0x000fa7       data     extern C:\MCC18\v3_39\src\traditional\proc\p18F4525.asm
                   EEDATA   0x000fa8       data     extern C:\MCC18\v3_39\src\traditional\proc\p18F4525.asm
                     FSR0   0x000fe9       data     extern C:\MCC18\v3_39\src\traditional\proc\p18F4525.asm
                    FSR0H   0x000fea       data     extern C:\MCC18\v3_39\src\traditional\proc\p18F4525.asm
                    FSR0L   0x000fe9       data     extern C:\MCC18\v3_39\src\traditional\proc\p18F4525.asm
                     FSR1   0x000fe1       data     extern C:\MCC18\v3_39\src\traditional\proc\p18F4525.asm
                    FSR1H   0x000fe2       data     extern C:\MCC18\v3_39\src\traditional\proc\p18F4525.asm
                    FSR1L   0x000fe1       data     extern C:\MCC18\v3_39\src\traditional\proc\p18F4525.asm
                     FSR2   0x000fd9       data     extern C:\MCC18\v3_39\src\traditional\proc\p18F4525.asm
                    FSR2H   0x000fda       data     extern C:\MCC18\v3_39\src\traditional\proc\p18F4525.asm
                    FSR2L   0x000fd9       data     extern C:\MCC18\v3_39\src\traditional\proc\p18F4525.asm
                  HLVDCON   0x000fd2       data     extern C:\MCC18\v3_39\src\traditional\proc\p18F4525.asm
              HLVDCONbits   0x000fd2       data     extern C:\MCC18\v3_39\src\traditional\proc\p18F4525.asm
                    INDF0   0x000fef       data     extern C:\MCC18\v3_39\src\traditional\proc\p18F4525.asm
                    INDF1   0x000fe7       data     extern C:\MCC18\v3_39\src\traditional\proc\p18F4525.asm
                    INDF2   0x000fdf       data     extern C:\MCC18\v3_39\src\traditional\proc\p18F4525.asm
                   INTCON   0x000ff2       data     extern C:\MCC18\v3_39\src\traditional\proc\p18F4525.asm
                  INTCON2   0x000ff1       data     extern C:\MCC18\v3_39\src\traditional\proc\p18F4525.asm
              INTCON2bits   0x000ff1       data     extern C:\MCC18\v3_39\src\traditional\proc\p18F4525.asm
                  INTCON3   0x000ff0       data     extern C:\MCC18\v3_39\src\traditional\proc\p18F4525.asm
              INTCON3bits   0x000ff0       data     extern C:\MCC18\v3_39\src\traditional\proc\p18F4525.asm
               INTCONbits   0x000ff2       data     extern C:\MCC18\v3_39\src\traditional\proc\p18F4525.asm
                     IPR1   0x000f9f       data     extern C:\MCC18\v3_39\src\traditional\proc\p18F4525.asm
                 IPR1bits   0x000f9f       data     extern C:\MCC18\v3_39\src\traditional\proc\p18F4525.asm
                     IPR2   0x000fa2       data     extern C:\MCC18\v3_39\src\traditional\proc\p18F4525.asm
                 IPR2bits   0x000fa2       data     extern C:\MCC18\v3_39\src\traditional\proc\p18F4525.asm
                     LATA   0x000f89       data     extern C:\MCC18\v3_39\src\traditional\proc\p18F4525.asm
                 LATAbits   0x000f89       data     extern C:\MCC18\v3_39\src\traditional\proc\p18F4525.asm
                     LATB   0x000f8a       data     extern C:\MCC18\v3_39\src\traditional\proc\p18F4525.asm
                 LATBbits   0x000f8a       data     extern C:\MCC18\v3_39\src\traditional\proc\p18F4525.asm
                     LATC   0x000f8b       data     extern C:\MCC18\v3_39\src\traditional\proc\p18F4525.asm
                 LATCbits   0x000f8b       data     extern C:\MCC18\v3_39\src\traditional\proc\p18F4525.asm
                     LATD   0x000f8c       data     extern C:\MCC18\v3_39\src\traditional\proc\p18F4525.asm
                 LATDbits   0x000f8c       data     extern C:\MCC18\v3_39\src\traditional\proc\p18F4525.asm
                     LATE   0x000f8d       data     extern C:\MCC18\v3_39\src\traditional\proc\p18F4525.asm
                 LATEbits   0x000f8d       data     extern C:\MCC18\v3_39\src\traditional\proc\p18F4525.asm
                   LVDCON   0x000fd2       data     extern C:\MCC18\v3_39\src\traditional\proc\p18F4525.asm
               LVDCONbits   0x000fd2       data     extern C:\MCC18\v3_39\src\traditional\proc\p18F4525.asm
                   OSCCON   0x000fd3       data     extern C:\MCC18\v3_39\src\traditional\proc\p18F4525.asm
               OSCCONbits   0x000fd3       data     extern C:\MCC18\v3_39\src\traditional\proc\p18F4525.asm
                  OSCTUNE   0x000f9b       data     extern C:\MCC18\v3_39\src\traditional\proc\p18F4525.asm
              OSCTUNEbits   0x000f9b       data     extern C:\MCC18\v3_39\src\traditional\proc\p18F4525.asm
                       PC   0x000ff9       data     extern C:\MCC18\v3_39\src\traditional\proc\p18F4525.asm
                      PCL   0x000ff9       data     extern C:\MCC18\v3_39\src\traditional\proc\p18F4525.asm
                   PCLATH   0x000ffa       data     extern C:\MCC18\v3_39\src\traditional\proc\p18F4525.asm
                   PCLATU   0x000ffb       data     extern C:\MCC18\v3_39\src\traditional\proc\p18F4525.asm
                     PIE1   0x000f9d       data     extern C:\MCC18\v3_39\src\traditional\proc\p18F4525.asm
                 PIE1bits   0x000f9d       data     extern C:\MCC18\v3_39\src\traditional\proc\p18F4525.asm
                     PIE2   0x000fa0       data     extern C:\MCC18\v3_39\src\traditional\proc\p18F4525.asm
                 PIE2bits   0x000fa0       data     extern C:\MCC18\v3_39\src\traditional\proc\p18F4525.asm
                     PIR1   0x000f9e       data     extern C:\MCC18\v3_39\src\traditional\proc\p18F4525.asm
                 PIR1bits   0x000f9e       data     extern C:\MCC18\v3_39\src\traditional\proc\p18F4525.asm
                     PIR2   0x000fa1       data     extern C:\MCC18\v3_39\src\traditional\proc\p18F4525.asm
                 PIR2bits   0x000fa1       data     extern C:\MCC18\v3_39\src\traditional\proc\p18F4525.asm
                   PLUSW0   0x000feb       data     extern C:\MCC18\v3_39\src\traditional\proc\p18F4525.asm
                   PLUSW1   0x000fe3       data     extern C:\MCC18\v3_39\src\traditional\proc\p18F4525.asm
                   PLUSW2   0x000fdb       data     extern C:\MCC18\v3_39\src\traditional\proc\p18F4525.asm
                    PORTA   0x000f80       data     extern C:\MCC18\v3_39\src\traditional\proc\p18F4525.asm
                PORTAbits   0x000f80       data     extern C:\MCC18\v3_39\src\traditional\proc\p18F4525.asm
                    PORTB   0x000f81       data     extern C:\MCC18\v3_39\src\traditional\proc\p18F4525.asm
                PORTBbits   0x000f81       data     extern C:\MCC18\v3_39\src\traditional\proc\p18F4525.asm
                    PORTC   0x000f82       data     extern C:\MCC18\v3_39\src\traditional\proc\p18F4525.asm
                PORTCbits   0x000f82       data     extern C:\MCC18\v3_39\src\traditional\proc\p18F4525.asm
                    PORTD   0x000f83       data     extern C:\MCC18\v3_39\src\traditional\proc\p18F4525.asm
                PORTDbits   0x000f83       data     extern C:\MCC18\v3_39\src\traditional\proc\p18F4525.asm
                    PORTE   0x000f84       data     extern C:\MCC18\v3_39\src\traditional\proc\p18F4525.asm
                PORTEbits   0x000f84       data     extern C:\MCC18\v3_39\src\traditional\proc\p18F4525.asm
                 POSTDEC0   0x000fed       data     extern C:\MCC18\v3_39\src\traditional\proc\p18F4525.asm
                 POSTDEC1   0x000fe5       data     extern C:\MCC18\v3_39\src\traditional\proc\p18F4525.asm
                 POSTDEC2   0x000fdd       data     extern C:\MCC18\v3_39\src\traditional\proc\p18F4525.asm
                 POSTINC0   0x000fee       data     extern C:\MCC18\v3_39\src\traditional\proc\p18F4525.asm
                 POSTINC1   0x000fe6       data     extern C:\MCC18\v3_39\src\traditional\proc\p18F4525.asm
                 POSTINC2   0x000fde       data     extern C:\MCC18\v3_39\src\traditional\proc\p18F4525.asm
                      PR2   0x000fcb       data     extern C:\MCC18\v3_39\src\traditional\proc\p18F4525.asm
                  PREINC0   0x000fec       data     extern C:\MCC18\v3_39\src\traditional\proc\p18F4525.asm
                  PREINC1   0x000fe4       data     extern C:\MCC18\v3_39\src\traditional\proc\p18F4525.asm
                  PREINC2   0x000fdc       data     extern C:\MCC18\v3_39\src\traditional\proc\p18F4525.asm
                     PROD   0x000ff3       data     extern C:\MCC18\v3_39\src\traditional\proc\p18F4525.asm
                    PRODH   0x000ff4       data     extern C:\MCC18\v3_39\src\traditional\proc\p18F4525.asm
                    PRODL   0x000ff3       data     extern C:\MCC18\v3_39\src\traditional\proc\p18F4525.asm
                  PWM1CON   0x000fb7       data     extern C:\MCC18\v3_39\src\traditional\proc\p18F4525.asm
              PWM1CONbits   0x000fb7       data     extern C:\MCC18\v3_39\src\traditional\proc\p18F4525.asm
                     RCON   0x000fd0       data     extern C:\MCC18\v3_39\src\traditional\proc\p18F4525.asm
                 RCONbits   0x000fd0       data     extern C:\MCC18\v3_39\src\traditional\proc\p18F4525.asm
                    RCREG   0x000fae       data     extern C:\MCC18\v3_39\src\traditional\proc\p18F4525.asm
                    RCSTA   0x000fab       data     extern C:\MCC18\v3_39\src\traditional\proc\p18F4525.asm
                RCSTAbits   0x000fab       data     extern C:\MCC18\v3_39\src\traditional\proc\p18F4525.asm
                     SIGN   0x00000e       data     extern C:\MCC18\v3_39\src\traditional\math\cmath18.asm
                    SPBRG   0x000faf       data     extern C:\MCC18\v3_39\src\traditional\proc\p18F4525.asm
                   SPBRGH   0x000fb0       data     extern C:\MCC18\v3_39\src\traditional\proc\p18F4525.asm
                   SSPADD   0x000fc8       data     extern C:\MCC18\v3_39\src\traditional\proc\p18F4525.asm
                   SSPBUF   0x000fc9       data     extern C:\MCC18\v3_39\src\traditional\proc\p18F4525.asm
                  SSPCON1   0x000fc6       data     extern C:\MCC18\v3_39\src\traditional\proc\p18F4525.asm
              SSPCON1bits   0x000fc6       data     extern C:\MCC18\v3_39\src\traditional\proc\p18F4525.asm
                  SSPCON2   0x000fc5       data     extern C:\MCC18\v3_39\src\traditional\proc\p18F4525.asm
              SSPCON2bits   0x000fc5       data     extern C:\MCC18\v3_39\src\traditional\proc\p18F4525.asm
                  SSPSTAT   0x000fc7       data     extern C:\MCC18\v3_39\src\traditional\proc\p18F4525.asm
              SSPSTATbits   0x000fc7       data     extern C:\MCC18\v3_39\src\traditional\proc\p18F4525.asm
                   STATUS   0x000fd8       data     extern C:\MCC18\v3_39\src\traditional\proc\p18F4525.asm
               STATUSbits   0x000fd8       data     extern C:\MCC18\v3_39\src\traditional\proc\p18F4525.asm
                   STKPTR   0x000ffc       data     extern C:\MCC18\v3_39\src\traditional\proc\p18F4525.asm
               STKPTRbits   0x000ffc       data     extern C:\MCC18\v3_39\src\traditional\proc\p18F4525.asm
                   Status   0x0000cb       data     static C:\Users\Ali\Documents\PSU 2011-2012\Semester2\352W\PhoneDialer\INIT.C
                   Status   0x0000d7       data     static C:\Users\Ali\Documents\PSU 2011-2012\Semester2\352W\PhoneDialer\INIT.C
                   Status   0x0000e3       data     static C:\Users\Ali\Documents\PSU 2011-2012\Semester2\352W\PhoneDialer\INIT.C
                    T0CON   0x000fd5       data     extern C:\MCC18\v3_39\src\traditional\proc\p18F4525.asm
                T0CONbits   0x000fd5       data     extern C:\MCC18\v3_39\src\traditional\proc\p18F4525.asm
                    T1CON   0x000fcd       data     extern C:\MCC18\v3_39\src\traditional\proc\p18F4525.asm
                T1CONbits   0x000fcd       data     extern C:\MCC18\v3_39\src\traditional\proc\p18F4525.asm
                    T2CON   0x000fca       data     extern C:\MCC18\v3_39\src\traditional\proc\p18F4525.asm
                T2CONbits   0x000fca       data     extern C:\MCC18\v3_39\src\traditional\proc\p18F4525.asm
                    T3CON   0x000fb1       data     extern C:\MCC18\v3_39\src\traditional\proc\p18F4525.asm
                T3CONbits   0x000fb1       data     extern C:\MCC18\v3_39\src\traditional\proc\p18F4525.asm
                   TABLAT   0x000ff5       data     extern C:\MCC18\v3_39\src\traditional\proc\p18F4525.asm
                   TBLPTR   0x000ff6       data     extern C:\MCC18\v3_39\src\traditional\proc\p18F4525.asm
                  TBLPTRH   0x000ff7       data     extern C:\MCC18\v3_39\src\traditional\proc\p18F4525.asm
                  TBLPTRL   0x000ff6       data     extern C:\MCC18\v3_39\src\traditional\proc\p18F4525.asm
                  TBLPTRU   0x000ff8       data     extern C:\MCC18\v3_39\src\traditional\proc\p18F4525.asm
                    TMR0H   0x000fd7       data     extern C:\MCC18\v3_39\src\traditional\proc\p18F4525.asm
                    TMR0L   0x000fd6       data     extern C:\MCC18\v3_39\src\traditional\proc\p18F4525.asm
                    TMR1H   0x000fcf       data     extern C:\MCC18\v3_39\src\traditional\proc\p18F4525.asm
                    TMR1L   0x000fce       data     extern C:\MCC18\v3_39\src\traditional\proc\p18F4525.asm
                     TMR2   0x000fcc       data     extern C:\MCC18\v3_39\src\traditional\proc\p18F4525.asm
                    TMR3H   0x000fb3       data     extern C:\MCC18\v3_39\src\traditional\proc\p18F4525.asm
                    TMR3L   0x000fb2       data     extern C:\MCC18\v3_39\src\traditional\proc\p18F4525.asm
                      TOS   0x000ffd       data     extern C:\MCC18\v3_39\src\traditional\proc\p18F4525.asm
                     TOSH   0x000ffe       data     extern C:\MCC18\v3_39\src\traditional\proc\p18F4525.asm
                     TOSL   0x000ffd       data     extern C:\MCC18\v3_39\src\traditional\proc\p18F4525.asm
                     TOSU   0x000fff       data     extern C:\MCC18\v3_39\src\traditional\proc\p18F4525.asm
                    TRISA   0x000f92       data     extern C:\MCC18\v3_39\src\traditional\proc\p18F4525.asm
                TRISAbits   0x000f92       data     extern C:\MCC18\v3_39\src\traditional\proc\p18F4525.asm
                    TRISB   0x000f93       data     extern C:\MCC18\v3_39\src\traditional\proc\p18F4525.asm
                TRISBbits   0x000f93       data     extern C:\MCC18\v3_39\src\traditional\proc\p18F4525.asm
                    TRISC   0x000f94       data     extern C:\MCC18\v3_39\src\traditional\proc\p18F4525.asm
                TRISCbits   0x000f94       data     extern C:\MCC18\v3_39\src\traditional\proc\p18F4525.asm
                    TRISD   0x000f95       data     extern C:\MCC18\v3_39\src\traditional\proc\p18F4525.asm
                TRISDbits   0x000f95       data     extern C:\MCC18\v3_39\src\traditional\proc\p18F4525.asm
                    TRISE   0x000f96       data     extern C:\MCC18\v3_39\src\traditional\proc\p18F4525.asm
                TRISEbits   0x000f96       data     extern C:\MCC18\v3_39\src\traditional\proc\p18F4525.asm
                    TXREG   0x000fad       data     extern C:\MCC18\v3_39\src\traditional\proc\p18F4525.asm
                    TXSTA   0x000fac       data     extern C:\MCC18\v3_39\src\traditional\proc\p18F4525.asm
                TXSTAbits   0x000fac       data     extern C:\MCC18\v3_39\src\traditional\proc\p18F4525.asm
                        W   0x000fe8       data     extern C:\MCC18\v3_39\src\traditional\proc\p18F4525.asm
                   WDTCON   0x000fd1       data     extern C:\MCC18\v3_39\src\traditional\proc\p18F4525.asm
               WDTCONbits   0x000fd1       data     extern C:\MCC18\v3_39\src\traditional\proc\p18F4525.asm
                     WREG   0x000fe8       data     extern C:\MCC18\v3_39\src\traditional\proc\p18F4525.asm
                __FPFLAGS   0x00000f       data     extern C:\MCC18\v3_39\src\traditional\math\cmath18.asm
            __FPFLAGSbits   0x00000f       data     extern C:\MCC18\v3_39\src\traditional\math\cmath18.asm
                  __tmp_0   0x000000       data     static C:\Users\Ali\Documents\PSU 2011-2012\Semester2\352W\PhoneDialer\SUB.c
                  __tmp_0   0x000000       data     static C:\Users\Ali\Documents\PSU 2011-2012\Semester2\352W\PhoneDialer\DISP.C
                  __tmp_1   0x000010       data     static C:\Users\Ali\Documents\PSU 2011-2012\Semester2\352W\PhoneDialer\INIT.C
                curr_byte   0x0000f2       data     static C:\MCC18\v3_39\src\traditional\startup\c018i.c
               curr_entry   0x0000f4       data     static C:\MCC18\v3_39\src\traditional\startup\c018i.c
                 data_ptr   0x0000f6       data     static C:\MCC18\v3_39\src\traditional\startup\c018i.c
                    index   0x000081       data     extern C:\Users\Ali\Documents\PSU 2011-2012\Semester2\352W\PhoneDialer\INIT.C
                   index2   0x000083       data     extern C:\Users\Ali\Documents\PSU 2011-2012\Semester2\352W\PhoneDialer\INIT.C
                  keydata   0x000089       data     extern C:\Users\Ali\Documents\PSU 2011-2012\Semester2\352W\PhoneDialer\INIT.C
                   keyoff   0x0000ca       data     static C:\Users\Ali\Documents\PSU 2011-2012\Semester2\352W\PhoneDialer\INIT.C
                     page   0x000800       data     static C:\Users\Ali\Documents\PSU 2011-2012\Semester2\352W\PhoneDialer\DISP.C
                    param   0x000f00       data     extern C:\Users\Ali\Documents\PSU 2011-2012\Semester2\352W\PhoneDialer\SUB.c
                pauseFlag   0x000085       data     extern C:\Users\Ali\Documents\PSU 2011-2012\Semester2\352W\PhoneDialer\INIT.C
                     prom   0x0000ef       data     static C:\MCC18\v3_39\src\traditional\startup\c018i.c
                      sin   0x00008a       data     static C:\Users\Ali\Documents\PSU 2011-2012\Semester2\352W\PhoneDialer\INIT.C
                    state   0x000080       data     extern C:\Users\Ali\Documents\PSU 2011-2012\Semester2\352W\PhoneDialer\INIT.C
                   sysclk   0x000086       data     static C:\Users\Ali\Documents\PSU 2011-2012\Semester2\352W\PhoneDialer\INIT.C
                  sysclk2   0x000088       data     static C:\Users\Ali\Documents\PSU 2011-2012\Semester2\352W\PhoneDialer\INIT.C



                              Symbols - Sorted by Address
                     Name    Address   Location    Storage File                     
                ---------  ---------  ---------  --------- ---------                
                   _entry   0x000000    program     extern C:\MCC18\v3_39\src\traditional\startup\c018i.c
       ___return_lbl00000   0x000004    program     static                          
                   __init   0x000006    program     extern C:\MCC18\v3_39\src\traditional\stdclib\__init.c
 interrupt_at_high_vector   0x000008    program     extern C:\Users\Ali\Documents\PSU 2011-2012\Semester2\352W\PhoneDialer\MAIN.C
       ___return_lbl00000   0x00000c    program     static                          
  interrupt_at_low_vector   0x000018    program     extern C:\Users\Ali\Documents\PSU 2011-2012\Semester2\352W\PhoneDialer\MAIN.C
       ___return_lbl00001   0x00001c    program     static                          
         PromptSaveOrDial   0x000038    program     extern C:\Users\Ali\Documents\PSU 2011-2012\Semester2\352W\PhoneDialer\SUB.c
            PromptForSave   0x0000c8    program     extern C:\Users\Ali\Documents\PSU 2011-2012\Semester2\352W\PhoneDialer\SUB.c
                 SaveDial   0x000194    program     extern C:\Users\Ali\Documents\PSU 2011-2012\Semester2\352W\PhoneDialer\SUB.c
                 DialMode   0x00021c    program     extern C:\Users\Ali\Documents\PSU 2011-2012\Semester2\352W\PhoneDialer\SUB.c
             DispDialMode   0x00024c    program     extern C:\Users\Ali\Documents\PSU 2011-2012\Semester2\352W\PhoneDialer\SUB.c
             AnalyzeSound   0x00033c    program     extern C:\Users\Ali\Documents\PSU 2011-2012\Semester2\352W\PhoneDialer\SUB.c
             SelectSensor   0x000382    program     extern C:\Users\Ali\Documents\PSU 2011-2012\Semester2\352W\PhoneDialer\SUB.c
               ReadSensor   0x00039e    program     extern C:\Users\Ali\Documents\PSU 2011-2012\Semester2\352W\PhoneDialer\SUB.c
           ChoiceDialMode   0x0003a8    program     extern C:\Users\Ali\Documents\PSU 2011-2012\Semester2\352W\PhoneDialer\SUB.c
                SpeedDial   0x00042c    program     extern C:\Users\Ali\Documents\PSU 2011-2012\Semester2\352W\PhoneDialer\SUB.c
           DialAndDisplay   0x0004d6    program     extern C:\Users\Ali\Documents\PSU 2011-2012\Semester2\352W\PhoneDialer\SUB.c
                     Dial   0x00055e    program     extern C:\Users\Ali\Documents\PSU 2011-2012\Semester2\352W\PhoneDialer\SUB.c
                DispAscii   0x000646    program     extern C:\Users\Ali\Documents\PSU 2011-2012\Semester2\352W\PhoneDialer\SUB.c
                 InitDisp   0x000694    program     extern C:\Users\Ali\Documents\PSU 2011-2012\Semester2\352W\PhoneDialer\SUB.c
                  ReadPrm   0x00069c    program     extern C:\Users\Ali\Documents\PSU 2011-2012\Semester2\352W\PhoneDialer\SUB.c
                  SavePrm   0x0006f4    program     extern C:\Users\Ali\Documents\PSU 2011-2012\Semester2\352W\PhoneDialer\SUB.c
                ReadParam   0x00075c    program     extern C:\Users\Ali\Documents\PSU 2011-2012\Semester2\352W\PhoneDialer\SUB.c
               WriteParam   0x00078c    program     extern C:\Users\Ali\Documents\PSU 2011-2012\Semester2\352W\PhoneDialer\SUB.c
                     Init   0x0007ca    program     extern C:\Users\Ali\Documents\PSU 2011-2012\Semester2\352W\PhoneDialer\INIT.C
                  PicInit   0x0007e6    program     extern C:\Users\Ali\Documents\PSU 2011-2012\Semester2\352W\PhoneDialer\INIT.C
                  SpiInit   0x000866    program     extern C:\Users\Ali\Documents\PSU 2011-2012\Semester2\352W\PhoneDialer\INIT.C
                  DacInit   0x00088c    program     extern C:\Users\Ali\Documents\PSU 2011-2012\Semester2\352W\PhoneDialer\INIT.C
                 AtoDInit   0x0008ae    program     extern C:\Users\Ali\Documents\PSU 2011-2012\Semester2\352W\PhoneDialer\INIT.C
                 tmr1_isr   0x0008c6    program     extern C:\Users\Ali\Documents\PSU 2011-2012\Semester2\352W\PhoneDialer\INIT.C
                 tmr0_isr   0x0009ee    program     extern C:\Users\Ali\Documents\PSU 2011-2012\Semester2\352W\PhoneDialer\INIT.C
                    clock   0x000b74    program     extern C:\Users\Ali\Documents\PSU 2011-2012\Semester2\352W\PhoneDialer\INIT.C
                 Debounce   0x000b7c    program     extern C:\Users\Ali\Documents\PSU 2011-2012\Semester2\352W\PhoneDialer\INIT.C
                Debounce2   0x000c1c    program     extern C:\Users\Ali\Documents\PSU 2011-2012\Semester2\352W\PhoneDialer\INIT.C
                Debounce3   0x000cbc    program     extern C:\Users\Ali\Documents\PSU 2011-2012\Semester2\352W\PhoneDialer\INIT.C
             WriteDisplay   0x000d5c    program     static C:\Users\Ali\Documents\PSU 2011-2012\Semester2\352W\PhoneDialer\DISP.C
              WriteString   0x000d88    program     static C:\Users\Ali\Documents\PSU 2011-2012\Semester2\352W\PhoneDialer\DISP.C
               WriteBytes   0x000ea4    program     static C:\Users\Ali\Documents\PSU 2011-2012\Semester2\352W\PhoneDialer\DISP.C
                 DispInit   0x000fa6    program     extern C:\Users\Ali\Documents\PSU 2011-2012\Semester2\352W\PhoneDialer\DISP.C
                DispClear   0x001008    program     extern C:\Users\Ali\Documents\PSU 2011-2012\Semester2\352W\PhoneDialer\DISP.C
            DispConstText   0x001022    program     extern C:\Users\Ali\Documents\PSU 2011-2012\Semester2\352W\PhoneDialer\DISP.C
                 DispText   0x00105a    program     extern C:\Users\Ali\Documents\PSU 2011-2012\Semester2\352W\PhoneDialer\DISP.C
               DispUpdate   0x00108c    program     extern C:\Users\Ali\Documents\PSU 2011-2012\Semester2\352W\PhoneDialer\DISP.C
                 KeyInput   0x00114c    program     extern C:\Users\Ali\Documents\PSU 2011-2012\Semester2\352W\PhoneDialer\DISP.C
                  MemCopy   0x00116c    program     extern C:\Users\Ali\Documents\PSU 2011-2012\Semester2\352W\PhoneDialer\DISP.C
                 MemClear   0x0011d0    program     extern C:\Users\Ali\Documents\PSU 2011-2012\Semester2\352W\PhoneDialer\DISP.C
                    ascii   0x00121a    program     extern C:\Users\Ali\Documents\PSU 2011-2012\Semester2\352W\PhoneDialer\DISP.C
                _do_cinit   0x00161a    program     extern C:\MCC18\v3_39\src\traditional\startup\c018i.c
                     test   0x001634    program     static                          
                copy_loop   0x00168c    program     static                          
            copy_one_byte   0x001692    program     static                          
             done_copying   0x0016a0    program     static                          
       ___return_lbl00002   0x0016b6    program     static                          
                     done   0x0016b6    program     static                          
                   mesg01   0x0016b8    program     extern C:\Users\Ali\Documents\PSU 2011-2012\Semester2\352W\PhoneDialer\SUB.c
                   mesg02   0x0016c7    program     extern C:\Users\Ali\Documents\PSU 2011-2012\Semester2\352W\PhoneDialer\SUB.c
                   mesg03   0x0016d6    program     extern C:\Users\Ali\Documents\PSU 2011-2012\Semester2\352W\PhoneDialer\SUB.c
                   mesg04   0x0016e5    program     extern C:\Users\Ali\Documents\PSU 2011-2012\Semester2\352W\PhoneDialer\SUB.c
                   mesg05   0x0016f4    program     extern C:\Users\Ali\Documents\PSU 2011-2012\Semester2\352W\PhoneDialer\SUB.c
                   mesg06   0x001703    program     extern C:\Users\Ali\Documents\PSU 2011-2012\Semester2\352W\PhoneDialer\SUB.c
                   mesg07   0x001712    program     extern C:\Users\Ali\Documents\PSU 2011-2012\Semester2\352W\PhoneDialer\SUB.c
                   mesg08   0x001721    program     extern C:\Users\Ali\Documents\PSU 2011-2012\Semester2\352W\PhoneDialer\SUB.c
                   mesg09   0x001730    program     extern C:\Users\Ali\Documents\PSU 2011-2012\Semester2\352W\PhoneDialer\SUB.c
                   mesg10   0x00173f    program     extern C:\Users\Ali\Documents\PSU 2011-2012\Semester2\352W\PhoneDialer\SUB.c
            __zero_memory   0x00174a    program     extern C:\MCC18\v3_39\src\traditional\proc\p18F4525.asm
               zero_block   0x001758    program     static C:\MCC18\v3_39\src\traditional\proc\p18F4525.asm
                   loop_h   0x001758    program     static C:\MCC18\v3_39\src\traditional\proc\p18F4525.asm
                compare_l   0x001760    program     static C:\MCC18\v3_39\src\traditional\proc\p18F4525.asm
                   loop_l   0x001762    program     static C:\MCC18\v3_39\src\traditional\proc\p18F4525.asm
                 _startup   0x00176a    program     extern C:\MCC18\v3_39\src\traditional\startup\c018i.c
                     loop   0x00177a    program     static                          
       ___return_lbl00001   0x001784    program     static                          
                     main   0x001786    program     extern C:\Users\Ali\Documents\PSU 2011-2012\Semester2\352W\PhoneDialer\MAIN.C
               __config_0   0x300001    program     static C:\Users\Ali\Documents\PSU 2011-2012\Semester2\352W\PhoneDialer\MAIN.C
               __config_1   0x300002    program     static C:\Users\Ali\Documents\PSU 2011-2012\Semester2\352W\PhoneDialer\MAIN.C
               __config_2   0x300003    program     static C:\Users\Ali\Documents\PSU 2011-2012\Semester2\352W\PhoneDialer\MAIN.C
               __config_3   0x300005    program     static C:\Users\Ali\Documents\PSU 2011-2012\Semester2\352W\PhoneDialer\MAIN.C
               __config_4   0x300006    program     static C:\Users\Ali\Documents\PSU 2011-2012\Semester2\352W\PhoneDialer\MAIN.C
                  __tmp_0   0x000000       data     static C:\Users\Ali\Documents\PSU 2011-2012\Semester2\352W\PhoneDialer\SUB.c
                  __tmp_0   0x000000       data     static C:\Users\Ali\Documents\PSU 2011-2012\Semester2\352W\PhoneDialer\DISP.C
                     SIGN   0x00000e       data     extern C:\MCC18\v3_39\src\traditional\math\cmath18.asm
            __FPFLAGSbits   0x00000f       data     extern C:\MCC18\v3_39\src\traditional\math\cmath18.asm
                __FPFLAGS   0x00000f       data     extern C:\MCC18\v3_39\src\traditional\math\cmath18.asm
                  __tmp_1   0x000010       data     static C:\Users\Ali\Documents\PSU 2011-2012\Semester2\352W\PhoneDialer\INIT.C
                    state   0x000080       data     extern C:\Users\Ali\Documents\PSU 2011-2012\Semester2\352W\PhoneDialer\INIT.C
                    index   0x000081       data     extern C:\Users\Ali\Documents\PSU 2011-2012\Semester2\352W\PhoneDialer\INIT.C
                   index2   0x000083       data     extern C:\Users\Ali\Documents\PSU 2011-2012\Semester2\352W\PhoneDialer\INIT.C
                pauseFlag   0x000085       data     extern C:\Users\Ali\Documents\PSU 2011-2012\Semester2\352W\PhoneDialer\INIT.C
                   sysclk   0x000086       data     static C:\Users\Ali\Documents\PSU 2011-2012\Semester2\352W\PhoneDialer\INIT.C
                  sysclk2   0x000088       data     static C:\Users\Ali\Documents\PSU 2011-2012\Semester2\352W\PhoneDialer\INIT.C
                  keydata   0x000089       data     extern C:\Users\Ali\Documents\PSU 2011-2012\Semester2\352W\PhoneDialer\INIT.C
                      sin   0x00008a       data     static C:\Users\Ali\Documents\PSU 2011-2012\Semester2\352W\PhoneDialer\INIT.C
                   keyoff   0x0000ca       data     static C:\Users\Ali\Documents\PSU 2011-2012\Semester2\352W\PhoneDialer\INIT.C
                   Status   0x0000cb       data     static C:\Users\Ali\Documents\PSU 2011-2012\Semester2\352W\PhoneDialer\INIT.C
                   Status   0x0000d7       data     static C:\Users\Ali\Documents\PSU 2011-2012\Semester2\352W\PhoneDialer\INIT.C
                   Status   0x0000e3       data     static C:\Users\Ali\Documents\PSU 2011-2012\Semester2\352W\PhoneDialer\INIT.C
                     prom   0x0000ef       data     static C:\MCC18\v3_39\src\traditional\startup\c018i.c
                curr_byte   0x0000f2       data     static C:\MCC18\v3_39\src\traditional\startup\c018i.c
               curr_entry   0x0000f4       data     static C:\MCC18\v3_39\src\traditional\startup\c018i.c
                 data_ptr   0x0000f6       data     static C:\MCC18\v3_39\src\traditional\startup\c018i.c
                     page   0x000800       data     static C:\Users\Ali\Documents\PSU 2011-2012\Semester2\352W\PhoneDialer\DISP.C
                    param   0x000f00       data     extern C:\Users\Ali\Documents\PSU 2011-2012\Semester2\352W\PhoneDialer\SUB.c
                PORTAbits   0x000f80       data     extern C:\MCC18\v3_39\src\traditional\proc\p18F4525.asm
                    PORTA   0x000f80       data     extern C:\MCC18\v3_39\src\traditional\proc\p18F4525.asm
                PORTBbits   0x000f81       data     extern C:\MCC18\v3_39\src\traditional\proc\p18F4525.asm
                    PORTB   0x000f81       data     extern C:\MCC18\v3_39\src\traditional\proc\p18F4525.asm
                PORTCbits   0x000f82       data     extern C:\MCC18\v3_39\src\traditional\proc\p18F4525.asm
                    PORTC   0x000f82       data     extern C:\MCC18\v3_39\src\traditional\proc\p18F4525.asm
                PORTDbits   0x000f83       data     extern C:\MCC18\v3_39\src\traditional\proc\p18F4525.asm
                    PORTD   0x000f83       data     extern C:\MCC18\v3_39\src\traditional\proc\p18F4525.asm
                PORTEbits   0x000f84       data     extern C:\MCC18\v3_39\src\traditional\proc\p18F4525.asm
                    PORTE   0x000f84       data     extern C:\MCC18\v3_39\src\traditional\proc\p18F4525.asm
                     LATA   0x000f89       data     extern C:\MCC18\v3_39\src\traditional\proc\p18F4525.asm
                 LATAbits   0x000f89       data     extern C:\MCC18\v3_39\src\traditional\proc\p18F4525.asm
                 LATBbits   0x000f8a       data     extern C:\MCC18\v3_39\src\traditional\proc\p18F4525.asm
                     LATB   0x000f8a       data     extern C:\MCC18\v3_39\src\traditional\proc\p18F4525.asm
                 LATCbits   0x000f8b       data     extern C:\MCC18\v3_39\src\traditional\proc\p18F4525.asm
                     LATC   0x000f8b       data     extern C:\MCC18\v3_39\src\traditional\proc\p18F4525.asm
                 LATDbits   0x000f8c       data     extern C:\MCC18\v3_39\src\traditional\proc\p18F4525.asm
                     LATD   0x000f8c       data     extern C:\MCC18\v3_39\src\traditional\proc\p18F4525.asm
                 LATEbits   0x000f8d       data     extern C:\MCC18\v3_39\src\traditional\proc\p18F4525.asm
                     LATE   0x000f8d       data     extern C:\MCC18\v3_39\src\traditional\proc\p18F4525.asm
                TRISAbits   0x000f92       data     extern C:\MCC18\v3_39\src\traditional\proc\p18F4525.asm
                    TRISA   0x000f92       data     extern C:\MCC18\v3_39\src\traditional\proc\p18F4525.asm
                     DDRA   0x000f92       data     extern C:\MCC18\v3_39\src\traditional\proc\p18F4525.asm
                 DDRAbits   0x000f92       data     extern C:\MCC18\v3_39\src\traditional\proc\p18F4525.asm
                TRISBbits   0x000f93       data     extern C:\MCC18\v3_39\src\traditional\proc\p18F4525.asm
                    TRISB   0x000f93       data     extern C:\MCC18\v3_39\src\traditional\proc\p18F4525.asm
                 DDRBbits   0x000f93       data     extern C:\MCC18\v3_39\src\traditional\proc\p18F4525.asm
                     DDRB   0x000f93       data     extern C:\MCC18\v3_39\src\traditional\proc\p18F4525.asm
                     DDRC   0x000f94       data     extern C:\MCC18\v3_39\src\traditional\proc\p18F4525.asm
                 DDRCbits   0x000f94       data     extern C:\MCC18\v3_39\src\traditional\proc\p18F4525.asm
                TRISCbits   0x000f94       data     extern C:\MCC18\v3_39\src\traditional\proc\p18F4525.asm
                    TRISC   0x000f94       data     extern C:\MCC18\v3_39\src\traditional\proc\p18F4525.asm
                     DDRD   0x000f95       data     extern C:\MCC18\v3_39\src\traditional\proc\p18F4525.asm
                TRISDbits   0x000f95       data     extern C:\MCC18\v3_39\src\traditional\proc\p18F4525.asm
                    TRISD   0x000f95       data     extern C:\MCC18\v3_39\src\traditional\proc\p18F4525.asm
                 DDRDbits   0x000f95       data     extern C:\MCC18\v3_39\src\traditional\proc\p18F4525.asm
                 DDREbits   0x000f96       data     extern C:\MCC18\v3_39\src\traditional\proc\p18F4525.asm
                     DDRE   0x000f96       data     extern C:\MCC18\v3_39\src\traditional\proc\p18F4525.asm
                    TRISE   0x000f96       data     extern C:\MCC18\v3_39\src\traditional\proc\p18F4525.asm
                TRISEbits   0x000f96       data     extern C:\MCC18\v3_39\src\traditional\proc\p18F4525.asm
              OSCTUNEbits   0x000f9b       data     extern C:\MCC18\v3_39\src\traditional\proc\p18F4525.asm
                  OSCTUNE   0x000f9b       data     extern C:\MCC18\v3_39\src\traditional\proc\p18F4525.asm
                     PIE1   0x000f9d       data     extern C:\MCC18\v3_39\src\traditional\proc\p18F4525.asm
                 PIE1bits   0x000f9d       data     extern C:\MCC18\v3_39\src\traditional\proc\p18F4525.asm
                     PIR1   0x000f9e       data     extern C:\MCC18\v3_39\src\traditional\proc\p18F4525.asm
                 PIR1bits   0x000f9e       data     extern C:\MCC18\v3_39\src\traditional\proc\p18F4525.asm
                     IPR1   0x000f9f       data     extern C:\MCC18\v3_39\src\traditional\proc\p18F4525.asm
                 IPR1bits   0x000f9f       data     extern C:\MCC18\v3_39\src\traditional\proc\p18F4525.asm
                     PIE2   0x000fa0       data     extern C:\MCC18\v3_39\src\traditional\proc\p18F4525.asm
                 PIE2bits   0x000fa0       data     extern C:\MCC18\v3_39\src\traditional\proc\p18F4525.asm
                     PIR2   0x000fa1       data     extern C:\MCC18\v3_39\src\traditional\proc\p18F4525.asm
                 PIR2bits   0x000fa1       data     extern C:\MCC18\v3_39\src\traditional\proc\p18F4525.asm
                     IPR2   0x000fa2       data     extern C:\MCC18\v3_39\src\traditional\proc\p18F4525.asm
                 IPR2bits   0x000fa2       data     extern C:\MCC18\v3_39\src\traditional\proc\p18F4525.asm
               EECON1bits   0x000fa6       data     extern C:\MCC18\v3_39\src\traditional\proc\p18F4525.asm
                   EECON1   0x000fa6       data     extern C:\MCC18\v3_39\src\traditional\proc\p18F4525.asm
                   EECON2   0x000fa7       data     extern C:\MCC18\v3_39\src\traditional\proc\p18F4525.asm
                   EEDATA   0x000fa8       data     extern C:\MCC18\v3_39\src\traditional\proc\p18F4525.asm
                    EEADR   0x000fa9       data     extern C:\MCC18\v3_39\src\traditional\proc\p18F4525.asm
                   EEADRH   0x000faa       data     extern C:\MCC18\v3_39\src\traditional\proc\p18F4525.asm
                    RCSTA   0x000fab       data     extern C:\MCC18\v3_39\src\traditional\proc\p18F4525.asm
                RCSTAbits   0x000fab       data     extern C:\MCC18\v3_39\src\traditional\proc\p18F4525.asm
                    TXSTA   0x000fac       data     extern C:\MCC18\v3_39\src\traditional\proc\p18F4525.asm
                TXSTAbits   0x000fac       data     extern C:\MCC18\v3_39\src\traditional\proc\p18F4525.asm
                    TXREG   0x000fad       data     extern C:\MCC18\v3_39\src\traditional\proc\p18F4525.asm
                    RCREG   0x000fae       data     extern C:\MCC18\v3_39\src\traditional\proc\p18F4525.asm
                    SPBRG   0x000faf       data     extern C:\MCC18\v3_39\src\traditional\proc\p18F4525.asm
                   SPBRGH   0x000fb0       data     extern C:\MCC18\v3_39\src\traditional\proc\p18F4525.asm
                T3CONbits   0x000fb1       data     extern C:\MCC18\v3_39\src\traditional\proc\p18F4525.asm
                    T3CON   0x000fb1       data     extern C:\MCC18\v3_39\src\traditional\proc\p18F4525.asm
                    TMR3L   0x000fb2       data     extern C:\MCC18\v3_39\src\traditional\proc\p18F4525.asm
                    TMR3H   0x000fb3       data     extern C:\MCC18\v3_39\src\traditional\proc\p18F4525.asm
                    CMCON   0x000fb4       data     extern C:\MCC18\v3_39\src\traditional\proc\p18F4525.asm
                CMCONbits   0x000fb4       data     extern C:\MCC18\v3_39\src\traditional\proc\p18F4525.asm
                   CVRCON   0x000fb5       data     extern C:\MCC18\v3_39\src\traditional\proc\p18F4525.asm
               CVRCONbits   0x000fb5       data     extern C:\MCC18\v3_39\src\traditional\proc\p18F4525.asm
                  ECCP1AS   0x000fb6       data     extern C:\MCC18\v3_39\src\traditional\proc\p18F4525.asm
              ECCP1ASbits   0x000fb6       data     extern C:\MCC18\v3_39\src\traditional\proc\p18F4525.asm
                   ECCPAS   0x000fb6       data     extern C:\MCC18\v3_39\src\traditional\proc\p18F4525.asm
               ECCPASbits   0x000fb6       data     extern C:\MCC18\v3_39\src\traditional\proc\p18F4525.asm
                  PWM1CON   0x000fb7       data     extern C:\MCC18\v3_39\src\traditional\proc\p18F4525.asm
              PWM1CONbits   0x000fb7       data     extern C:\MCC18\v3_39\src\traditional\proc\p18F4525.asm
                  BAUDCON   0x000fb8       data     extern C:\MCC18\v3_39\src\traditional\proc\p18F4525.asm
              BAUDCONbits   0x000fb8       data     extern C:\MCC18\v3_39\src\traditional\proc\p18F4525.asm
                  BAUDCTL   0x000fb8       data     extern C:\MCC18\v3_39\src\traditional\proc\p18F4525.asm
              BAUDCTLbits   0x000fb8       data     extern C:\MCC18\v3_39\src\traditional\proc\p18F4525.asm
              CCP2CONbits   0x000fba       data     extern C:\MCC18\v3_39\src\traditional\proc\p18F4525.asm
                  CCP2CON   0x000fba       data     extern C:\MCC18\v3_39\src\traditional\proc\p18F4525.asm
                    CCPR2   0x000fbb       data     extern C:\MCC18\v3_39\src\traditional\proc\p18F4525.asm
                   CCPR2L   0x000fbb       data     extern C:\MCC18\v3_39\src\traditional\proc\p18F4525.asm
                   CCPR2H   0x000fbc       data     extern C:\MCC18\v3_39\src\traditional\proc\p18F4525.asm
              CCP1CONbits   0x000fbd       data     extern C:\MCC18\v3_39\src\traditional\proc\p18F4525.asm
                  CCP1CON   0x000fbd       data     extern C:\MCC18\v3_39\src\traditional\proc\p18F4525.asm
                    CCPR1   0x000fbe       data     extern C:\MCC18\v3_39\src\traditional\proc\p18F4525.asm
                   CCPR1L   0x000fbe       data     extern C:\MCC18\v3_39\src\traditional\proc\p18F4525.asm
                   CCPR1H   0x000fbf       data     extern C:\MCC18\v3_39\src\traditional\proc\p18F4525.asm
               ADCON2bits   0x000fc0       data     extern C:\MCC18\v3_39\src\traditional\proc\p18F4525.asm
                   ADCON2   0x000fc0       data     extern C:\MCC18\v3_39\src\traditional\proc\p18F4525.asm
                   ADCON1   0x000fc1       data     extern C:\MCC18\v3_39\src\traditional\proc\p18F4525.asm
               ADCON1bits   0x000fc1       data     extern C:\MCC18\v3_39\src\traditional\proc\p18F4525.asm
                   ADCON0   0x000fc2       data     extern C:\MCC18\v3_39\src\traditional\proc\p18F4525.asm
               ADCON0bits   0x000fc2       data     extern C:\MCC18\v3_39\src\traditional\proc\p18F4525.asm
                   ADRESL   0x000fc3       data     extern C:\MCC18\v3_39\src\traditional\proc\p18F4525.asm
                    ADRES   0x000fc3       data     extern C:\MCC18\v3_39\src\traditional\proc\p18F4525.asm
                   ADRESH   0x000fc4       data     extern C:\MCC18\v3_39\src\traditional\proc\p18F4525.asm
              SSPCON2bits   0x000fc5       data     extern C:\MCC18\v3_39\src\traditional\proc\p18F4525.asm
                  SSPCON2   0x000fc5       data     extern C:\MCC18\v3_39\src\traditional\proc\p18F4525.asm
              SSPCON1bits   0x000fc6       data     extern C:\MCC18\v3_39\src\traditional\proc\p18F4525.asm
                  SSPCON1   0x000fc6       data     extern C:\MCC18\v3_39\src\traditional\proc\p18F4525.asm
                  SSPSTAT   0x000fc7       data     extern C:\MCC18\v3_39\src\traditional\proc\p18F4525.asm
              SSPSTATbits   0x000fc7       data     extern C:\MCC18\v3_39\src\traditional\proc\p18F4525.asm
                   SSPADD   0x000fc8       data     extern C:\MCC18\v3_39\src\traditional\proc\p18F4525.asm
                   SSPBUF   0x000fc9       data     extern C:\MCC18\v3_39\src\traditional\proc\p18F4525.asm
                    T2CON   0x000fca       data     extern C:\MCC18\v3_39\src\traditional\proc\p18F4525.asm
                T2CONbits   0x000fca       data     extern C:\MCC18\v3_39\src\traditional\proc\p18F4525.asm
                      PR2   0x000fcb       data     extern C:\MCC18\v3_39\src\traditional\proc\p18F4525.asm
                     TMR2   0x000fcc       data     extern C:\MCC18\v3_39\src\traditional\proc\p18F4525.asm
                    T1CON   0x000fcd       data     extern C:\MCC18\v3_39\src\traditional\proc\p18F4525.asm
                T1CONbits   0x000fcd       data     extern C:\MCC18\v3_39\src\traditional\proc\p18F4525.asm
                    TMR1L   0x000fce       data     extern C:\MCC18\v3_39\src\traditional\proc\p18F4525.asm
                    TMR1H   0x000fcf       data     extern C:\MCC18\v3_39\src\traditional\proc\p18F4525.asm
                 RCONbits   0x000fd0       data     extern C:\MCC18\v3_39\src\traditional\proc\p18F4525.asm
                     RCON   0x000fd0       data     extern C:\MCC18\v3_39\src\traditional\proc\p18F4525.asm
               WDTCONbits   0x000fd1       data     extern C:\MCC18\v3_39\src\traditional\proc\p18F4525.asm
                   WDTCON   0x000fd1       data     extern C:\MCC18\v3_39\src\traditional\proc\p18F4525.asm
              HLVDCONbits   0x000fd2       data     extern C:\MCC18\v3_39\src\traditional\proc\p18F4525.asm
                  HLVDCON   0x000fd2       data     extern C:\MCC18\v3_39\src\traditional\proc\p18F4525.asm
                   LVDCON   0x000fd2       data     extern C:\MCC18\v3_39\src\traditional\proc\p18F4525.asm
               LVDCONbits   0x000fd2       data     extern C:\MCC18\v3_39\src\traditional\proc\p18F4525.asm
               OSCCONbits   0x000fd3       data     extern C:\MCC18\v3_39\src\traditional\proc\p18F4525.asm
                   OSCCON   0x000fd3       data     extern C:\MCC18\v3_39\src\traditional\proc\p18F4525.asm
                T0CONbits   0x000fd5       data     extern C:\MCC18\v3_39\src\traditional\proc\p18F4525.asm
                    T0CON   0x000fd5       data     extern C:\MCC18\v3_39\src\traditional\proc\p18F4525.asm
                    TMR0L   0x000fd6       data     extern C:\MCC18\v3_39\src\traditional\proc\p18F4525.asm
                    TMR0H   0x000fd7       data     extern C:\MCC18\v3_39\src\traditional\proc\p18F4525.asm
                   STATUS   0x000fd8       data     extern C:\MCC18\v3_39\src\traditional\proc\p18F4525.asm
               STATUSbits   0x000fd8       data     extern C:\MCC18\v3_39\src\traditional\proc\p18F4525.asm
                    FSR2L   0x000fd9       data     extern C:\MCC18\v3_39\src\traditional\proc\p18F4525.asm
                     FSR2   0x000fd9       data     extern C:\MCC18\v3_39\src\traditional\proc\p18F4525.asm
                    FSR2H   0x000fda       data     extern C:\MCC18\v3_39\src\traditional\proc\p18F4525.asm
                   PLUSW2   0x000fdb       data     extern C:\MCC18\v3_39\src\traditional\proc\p18F4525.asm
                  PREINC2   0x000fdc       data     extern C:\MCC18\v3_39\src\traditional\proc\p18F4525.asm
                 POSTDEC2   0x000fdd       data     extern C:\MCC18\v3_39\src\traditional\proc\p18F4525.asm
                 POSTINC2   0x000fde       data     extern C:\MCC18\v3_39\src\traditional\proc\p18F4525.asm
                    INDF2   0x000fdf       data     extern C:\MCC18\v3_39\src\traditional\proc\p18F4525.asm
                      BSR   0x000fe0       data     extern C:\MCC18\v3_39\src\traditional\proc\p18F4525.asm
                    FSR1L   0x000fe1       data     extern C:\MCC18\v3_39\src\traditional\proc\p18F4525.asm
                     FSR1   0x000fe1       data     extern C:\MCC18\v3_39\src\traditional\proc\p18F4525.asm
                    FSR1H   0x000fe2       data     extern C:\MCC18\v3_39\src\traditional\proc\p18F4525.asm
                   PLUSW1   0x000fe3       data     extern C:\MCC18\v3_39\src\traditional\proc\p18F4525.asm
                  PREINC1   0x000fe4       data     extern C:\MCC18\v3_39\src\traditional\proc\p18F4525.asm
                 POSTDEC1   0x000fe5       data     extern C:\MCC18\v3_39\src\traditional\proc\p18F4525.asm
                 POSTINC1   0x000fe6       data     extern C:\MCC18\v3_39\src\traditional\proc\p18F4525.asm
                    INDF1   0x000fe7       data     extern C:\MCC18\v3_39\src\traditional\proc\p18F4525.asm
                     WREG   0x000fe8       data     extern C:\MCC18\v3_39\src\traditional\proc\p18F4525.asm
                        W   0x000fe8       data     extern C:\MCC18\v3_39\src\traditional\proc\p18F4525.asm
                    FSR0L   0x000fe9       data     extern C:\MCC18\v3_39\src\traditional\proc\p18F4525.asm
                     FSR0   0x000fe9       data     extern C:\MCC18\v3_39\src\traditional\proc\p18F4525.asm
                    FSR0H   0x000fea       data     extern C:\MCC18\v3_39\src\traditional\proc\p18F4525.asm
                   PLUSW0   0x000feb       data     extern C:\MCC18\v3_39\src\traditional\proc\p18F4525.asm
                  PREINC0   0x000fec       data     extern C:\MCC18\v3_39\src\traditional\proc\p18F4525.asm
                 POSTDEC0   0x000fed       data     extern C:\MCC18\v3_39\src\traditional\proc\p18F4525.asm
                 POSTINC0   0x000fee       data     extern C:\MCC18\v3_39\src\traditional\proc\p18F4525.asm
                    INDF0   0x000fef       data     extern C:\MCC18\v3_39\src\traditional\proc\p18F4525.asm
              INTCON3bits   0x000ff0       data     extern C:\MCC18\v3_39\src\traditional\proc\p18F4525.asm
                  INTCON3   0x000ff0       data     extern C:\MCC18\v3_39\src\traditional\proc\p18F4525.asm
              INTCON2bits   0x000ff1       data     extern C:\MCC18\v3_39\src\traditional\proc\p18F4525.asm
                  INTCON2   0x000ff1       data     extern C:\MCC18\v3_39\src\traditional\proc\p18F4525.asm
               INTCONbits   0x000ff2       data     extern C:\MCC18\v3_39\src\traditional\proc\p18F4525.asm
                   INTCON   0x000ff2       data     extern C:\MCC18\v3_39\src\traditional\proc\p18F4525.asm
                     PROD   0x000ff3       data     extern C:\MCC18\v3_39\src\traditional\proc\p18F4525.asm
                    PRODL   0x000ff3       data     extern C:\MCC18\v3_39\src\traditional\proc\p18F4525.asm
                    PRODH   0x000ff4       data     extern C:\MCC18\v3_39\src\traditional\proc\p18F4525.asm
                   TABLAT   0x000ff5       data     extern C:\MCC18\v3_39\src\traditional\proc\p18F4525.asm
                  TBLPTRL   0x000ff6       data     extern C:\MCC18\v3_39\src\traditional\proc\p18F4525.asm
                   TBLPTR   0x000ff6       data     extern C:\MCC18\v3_39\src\traditional\proc\p18F4525.asm
                  TBLPTRH   0x000ff7       data     extern C:\MCC18\v3_39\src\traditional\proc\p18F4525.asm
                  TBLPTRU   0x000ff8       data     extern C:\MCC18\v3_39\src\traditional\proc\p18F4525.asm
                      PCL   0x000ff9       data     extern C:\MCC18\v3_39\src\traditional\proc\p18F4525.asm
                       PC   0x000ff9       data     extern C:\MCC18\v3_39\src\traditional\proc\p18F4525.asm
                   PCLATH   0x000ffa       data     extern C:\MCC18\v3_39\src\traditional\proc\p18F4525.asm
                   PCLATU   0x000ffb       data     extern C:\MCC18\v3_39\src\traditional\proc\p18F4525.asm
               STKPTRbits   0x000ffc       data     extern C:\MCC18\v3_39\src\traditional\proc\p18F4525.asm
                   STKPTR   0x000ffc       data     extern C:\MCC18\v3_39\src\traditional\proc\p18F4525.asm
                      TOS   0x000ffd       data     extern C:\MCC18\v3_39\src\traditional\proc\p18F4525.asm
                     TOSL   0x000ffd       data     extern C:\MCC18\v3_39\src\traditional\proc\p18F4525.asm
                     TOSH   0x000ffe       data     extern C:\MCC18\v3_39\src\traditional\proc\p18F4525.asm
                     TOSU   0x000fff       data     extern C:\MCC18\v3_39\src\traditional\proc\p18F4525.asm


